../Core/Src/LiquidCrystal_I2C.c:256:13:expanderWrite	24	static
../Core/Src/LiquidCrystal_I2C.c:251:13:write4bits	16	static
../Core/Src/LiquidCrystal_I2C.c:244:13:sendToLCD	16	static
../Core/Src/LiquidCrystal_I2C.c:39:6:LiquidCrystal_I2C	0	static
../Core/Src/LiquidCrystal_I2C.c:225:6:noBacklight	0	static
../Core/Src/LiquidCrystal_I2C.c:230:6:backlight	0	static
../Core/Src/LiquidCrystal_I2C.c:237:6:command	0	static
../Core/Src/LiquidCrystal_I2C.c:138:6:home	8	static
../Core/Src/LiquidCrystal_I2C.c:143:6:setCursor	32	static
../Core/Src/LiquidCrystal_I2C.c:131:6:clear	8	static
../Core/Src/LiquidCrystal_I2C.c:152:6:noDisplay	0	static
../Core/Src/LiquidCrystal_I2C.c:156:6:display	0	static
../Core/Src/LiquidCrystal_I2C.c:61:13:init_priv	8	static
../Core/Src/LiquidCrystal_I2C.c:49:6:oled_init	0	static
../Core/Src/LiquidCrystal_I2C.c:54:6:init	0	static
../Core/Src/LiquidCrystal_I2C.c:162:6:noCursor	0	static
../Core/Src/LiquidCrystal_I2C.c:166:6:cursor	0	static
../Core/Src/LiquidCrystal_I2C.c:172:6:noBlink	0	static
../Core/Src/LiquidCrystal_I2C.c:176:6:blink	0	static
../Core/Src/LiquidCrystal_I2C.c:182:6:scrollDisplayLeft	0	static
../Core/Src/LiquidCrystal_I2C.c:185:6:scrollDisplayRight	0	static
../Core/Src/LiquidCrystal_I2C.c:190:6:leftToRight	0	static
../Core/Src/LiquidCrystal_I2C.c:196:6:rightToLeft	0	static
../Core/Src/LiquidCrystal_I2C.c:202:6:autoscroll	0	static
../Core/Src/LiquidCrystal_I2C.c:208:6:noAutoscroll	0	static
../Core/Src/LiquidCrystal_I2C.c:271:6:cursor_on	0	static
../Core/Src/LiquidCrystal_I2C.c:275:6:cursor_off	0	static
../Core/Src/LiquidCrystal_I2C.c:279:6:blink_on	0	static
../Core/Src/LiquidCrystal_I2C.c:283:6:blink_off	0	static
../Core/Src/LiquidCrystal_I2C.c:291:6:setBacklight	0	static
../Core/Src/LiquidCrystal_I2C.c:299:6:write	0	static
../Core/Src/LiquidCrystal_I2C.c:215:6:createChar	16	static
../Core/Src/LiquidCrystal_I2C.c:287:6:load_custom_character	0	static
../Core/Src/LiquidCrystal_I2C.c:303:6:printToLCD	16	static
